// Jest Snapshot v1, https://goo.gl/fbAQLP

exports[`<ClientRegistration /> should display clients 1`] = `
<div>
  <h1>
    Client Registration
  </h1>
  <p>
    You need to generate a configuration file for each client that you wish to connect to your OpenVPN server.
  </p>
  <p>
    To apply the client configuration you need to download it and put it into the OpenVPN configuration directory or alternatively open it using your OpenVPN client. You might need to restart your client afterwards.
  </p>
  <div
    class="card p-4 col-sm-12 col-lg-12 p-0 mb-4"
  >
    <h2>
      Add new client
    </h2>
    <form>
      <div
        class="form-group"
      >
        <label
          for="1"
        >
          Client name
        </label>
        <div
          class="input-group"
        >
          <input
            class="form-control  is-invalid"
            id="1"
            type="text"
            value=""
          />
        </div>
        <div
          class="invalid-feedback"
        >
          Name cannot be empty
        </div>
        <small
          class="form-text text-muted"
        >
          Shorter than 64 characters. Only alphanumeric characters, dots, dashes and underscores.
        </small>
      </div>
      <div
        class="text-right"
      >
        <button
          class="btn btn-primary  col-sm-12 col-md-3 col-lg-2"
          disabled=""
          type="submit"
        >
          Add
        </button>
      </div>
    </form>
    <h2>
      Client configurations
    </h2>
    <p>
      Be sure to check if server's IP address provided in configuration file actually matches the public IP address of your router. You can set this address manually if the autodetection fails. This change is 
      <strong>
        not
      </strong>
       stored anywhere and is applicable only to the configuration being currently downloaded.
    </p>
    <div>
      <div
        class="form-group"
      >
        <div
          class="custom-control custom-checkbox "
        >
          <input
            class="custom-control-input"
            id="2"
            type="checkbox"
            value="false"
          />
          <label
            class="custom-control-label"
            for="2"
          >
            Override server address
          </label>
        </div>
      </div>
      <div
        class="table-responsive"
      >
        <table
          class="table table-hover"
        >
          <thead
            class="thead-light"
          >
            <tr>
              <th
                scope="col"
              >
                Client name
              </th>
              <th
                aria-label="Actions"
                scope="col"
              />
            </tr>
          </thead>
          <tbody>
            <tr>
              <td
                class="align-middle"
              >
                First
              </td>
              <td
                class="text-right"
              >
                <div
                  class="btn-group mb-0"
                  role="group"
                >
                  <a
                    class="btn btn-primary btn-sm"
                    download=""
                    href="/reforis/openvpn/api/clients/A1?address="
                  >
                    Download
                  </a>
                  <button
                    class="btn btn-danger btn-sm"
                    type="button"
                  >
                    Revoke
                  </button>
                </div>
              </td>
            </tr>
            <tr>
              <td
                class="align-middle"
              >
                Second
              </td>
              <td
                class="text-right"
              >
                <div
                  class="spinner-border spinner-border-sm"
                  role="status"
                >
                  <span
                    class="sr-only"
                  />
                </div>
              </td>
            </tr>
            <tr>
              <td
                class="align-middle"
              >
                Third
              </td>
              <td
                class="text-right"
              >
                <div
                  class="btn-group mb-0"
                  role="group"
                >
                  <a
                    class="btn btn-primary btn-sm"
                    download=""
                    href="/reforis/openvpn/api/clients/B1?address="
                  >
                    Download
                  </a>
                  <button
                    class="btn btn-danger btn-sm"
                    type="button"
                  >
                    Revoke
                  </button>
                </div>
              </td>
            </tr>
            <tr>
              <td
                class="align-middle"
              >
                Last
              </td>
              <td
                class="text-right"
              >
                <span
                  class="text-muted"
                >
                  Access revoked
                </span>
              </td>
            </tr>
          </tbody>
        </table>
      </div>
    </div>
  </div>
</div>
`;

exports[`<ClientRegistration /> should display spinner on loading 1`] = `
<div>
  <h1>
    Client Registration
  </h1>
  <div
    class="spinner-wrapper my-3 text-center"
  >
    <div
      class="spinner-border"
      role="status"
    >
      <span
        class="sr-only"
      />
    </div>
  </div>
</div>
`;
