// Jest Snapshot v1, https://goo.gl/fbAQLP

exports[`<AuthorityStatus /> should handle generating CA 1`] = `
<div>
  <div
    class="card p-4"
  >
    <h2>
      Certificate Authority
    </h2>
    <p>
      Your certification authority is now being generated. It usually takes a few minutes. Settings will appear here automatically once the authority is ready.
    </p>
    <div
      class="text-center text-muted"
    >
      <div
        class="spinner-border spinner-border-sm me-1"
        role="status"
      >
        <span
          class="sr-only"
        />
      </div>
      Generating certification authorityâ€¦
    </div>
  </div>
</div>
`;

exports[`<AuthorityStatus /> should handle missing CA 1`] = `
<div>
  <div
    class="card p-4"
  >
    <h2>
      Certificate Authority
    </h2>
    <p>
      Currently there is no OpenVPN certificate authority (CA). A CA is required to generate client certificates to authenticate to the OpenVPN server. To proceed you need to generate it first.
    </p>
    <p
      class="text-center text-muted"
    >
      No certification authority.
    </p>
    <div
      class="text-end"
    >
      <button
        class="btn btn-primary col-12 col-md-3 col-lg-2 d-inline-flex justify-content-center align-items-center"
        type="button"
      >
        <span>
          Generate CA
        </span>
      </button>
    </div>
  </div>
</div>
`;

exports[`<AuthorityStatus /> should handle ready CA 1`] = `
<div>
  <div>
    Some child
  </div>
  <div
    class="card p-4 col-sm-12 col-lg-12 p-0 mb-4"
  >
    <h2>
      Certificate Authority
    </h2>
    <p>
      Your certificate authority (CA) is set up properly. Please note that if you delete it, all clients will have their access revoked.
    </p>
    <div
      class="text-end"
    >
      <button
        class="btn btn-danger col-12 col-md-3 col-lg-2 d-inline-flex justify-content-center align-items-center"
        type="button"
      >
        <span>
          Delete CA
        </span>
      </button>
    </div>
  </div>
</div>
`;
