// Jest Snapshot v1, https://goo.gl/fbAQLP

exports[`<ServerSettings /> should display spinner 1`] = `
<div>
  <h1>
    Server Settings
  </h1>
  <div
    class="spinner-wrapper my-3 text-center"
  >
    <div
      class="spinner-border"
      role="status"
    >
      <span
        class="sr-only"
      />
    </div>
  </div>
</div>
`;

exports[`<ServerSettings /> should render child and set alert 1`] = `
<div>
  <h1>
    Server Settings
  </h1>
  <div
    class="card p-4 mb-3"
  >
    <h2
      class="mb-3"
    >
      Server settings
    </h2>
    <p>
      Please note that you need a public (preferably static) IP address and your network configured to make use of VPN server.
    </p>
    <form>
      <div
        class="form-group"
      >
        <div
          class="custom-control custom-switch custom-control-inline"
        >
          <input
            class="custom-control-input"
            id="1"
            type="checkbox"
          />
          <label
            class="custom-control-label"
            for="1"
          >
            Server enabled
          </label>
        </div>
      </div>
      <div
        class="text-right"
      >
        <button
          class="btn btn-primary  col-sm-12 col-md-3 col-lg-2"
          type="submit"
        >
          Save
        </button>
      </div>
    </form>
  </div>
  <p>
    <strong>
      Advanced users:
    </strong>
     if you already configured OpenVPN server manually your configuration will be extended (rather than  overwritten). In case of conflict you must fix previous settings by yourself.
  </p>
  <div
    class="card p-4"
  >
    <h2>
      Certificate authority
    </h2>
    <p>
      Your certificate authority (CA) is set up properly. Please note that if you delete it all clients will have their access revoked.
    </p>
    <div
      class="text-right"
    >
      <button
        class="btn btn-danger col-sm-12 col-md-3 col-lg-2"
        type="button"
      >
        Delete CA
      </button>
    </div>
  </div>
</div>
`;
